2025-11-19 21:29:00 - SmartScraper - INFO - 🚀 Starting Smart Universal Scraper
2025-11-19 21:29:14 - SmartScraper - INFO - Command: 'gold price in india' | Response: 90 chars
2025-11-19 21:30:22 - SmartScraper - INFO - Command: 'price of 24 k gold in india' | Response: 98 chars
2025-11-19 21:30:54 - SmartScraper - INFO - Command: 'weather of  prayagraj' | Response: 80 chars
2025-11-19 21:31:20 - SmartScraper - INFO - Command: 'poco c3 current market value' | Response: 134 chars
2025-11-19 21:32:20 - SmartScraper - INFO - Command: 'best poco mobile phone' | Response: 123 chars
2025-11-19 21:32:40 - SmartScraper - INFO - Command: 'date of todya' | Response: 115 chars
2025-11-19 21:33:09 - SmartScraper - INFO - Command: 'dhoni ka ghar kaha h' | Response: 115 chars
2025-11-19 21:33:41 - SmartScraper - INFO - Command: '"iphone price"' | Response: 93 chars
2025-11-19 21:33:41 - SmartScraper - INFO - Command: '"laptop kitna hai"' | Response: 91 chars
2025-11-19 21:33:41 - SmartScraper - INFO - Command: '"samsung mobile daam"' | Response: 98 chars
2025-11-19 21:34:30 - SmartScraper - INFO - Command: '"tv cost batao"' | Response: 87 chars
2025-11-19 21:35:24 - SmartScraper - INFO - Command: '"aaj ki news"' | Response: 266 chars
2025-11-19 21:35:25 - SmartScraper - INFO - Command: '"latest headlines"' | Response: 278 chars
2025-11-19 21:35:46 - SmartScraper - INFO - Command: '"kuch khabar batao"' | Response: 265 chars
2025-11-19 21:36:08 - SmartScraper - INFO - Command: '"gold price"' | Response: 89 chars
2025-11-19 21:36:08 - SmartScraper - INFO - Command: '"silver rate"' | Response: 90 chars
2025-11-19 21:36:08 - SmartScraper - INFO - Command: '"reliance share price"' | Response: 99 chars
2025-11-19 21:36:30 - SmartScraper - INFO - Command: '"dollar rate kya hai"' | Response: 93 chars
2025-11-19 21:37:29 - SmartScraper - INFO - Command: '"kuch interesting batao"' | Response: 113 chars
2025-11-19 21:39:40 - SmartScraper - INFO - Command: 'animal movie review' | Response: 94 chars
2025-11-19 21:41:48 - SmartScraper - INFO - Command: 'cricket score' | Response: 81 chars
2025-11-19 21:42:44 - SmartScraper - INFO - Command: 'gold price' | Response: 81 chars
2025-11-19 21:43:00 - SmartScraper - INFO - Command: 'reliance share price' | Response: 91 chars
2025-11-19 21:43:26 - SmartScraper - INFO - Command: 'aaj ki news' | Response: 260 chars
2025-11-19 21:43:51 - SmartScraper - INFO - Command: 'latest headlines' | Response: 276 chars
2025-11-19 21:44:30 - SmartScraper - INFO - Command: 'iphone price' | Response: 85 chars
2025-11-19 21:47:19 - SmartScraper - INFO - Command: 'python -u "c:\Users\DELL\Hexsoftwares(web  smart scraper)\main.py"' | Response: 146 chars
2025-11-19 21:47:36 - SmartScraper - INFO - 🚀 Starting Smart Universal Scraper
2025-11-19 21:47:48 - SmartScraper - INFO - Command: 'Cricket score' | Response: 69 chars
2025-11-19 21:48:04 - SmartScraper - INFO - Command: 'Iphone price' | Response: 85 chars
2025-11-19 21:48:19 - SmartScraper - INFO - Command: 'Aaj ki news' | Response: 258 chars
2025-11-19 21:48:36 - SmartScraper - INFO - Command: 'Animal Movie review' | Response: 94 chars
2025-11-19 21:48:51 - SmartScraper - INFO - Command: 'Fact sunao' | Response: 113 chars
2025-11-19 21:49:11 - SmartScraper - INFO - Command: 'Kutch interesting battao' | Response: 113 chars
